7411      // lil r1, 7
8421      // lil r2, 8
8431      // lil r3, 8
9441      // lil r4, 9
1451      // lil r5, 1
//=====================================================
// Test #1: BEQ should not take branch  => dmem[ 0] = 0
//=====================================================
0553      // sho r5(value), r0(offset), 0x0(base) : set dmem 0x0 to one
0000
2103      // beq r1, r2, 8
0008
0053      // sho r0(value), r0(offset), 0x0(base) : set dmem 0x0 back to zero if branch not taken
0000
//=====================================================
// Test #2: BEQ should take branch      => dmem[ 2] = 1
//=====================================================
0553      // sho r5(value), r0(offset), 0x2(base) : set dmem 0x2 to one
0002
3203      // beq r2, r3, 8
0008
0053      // sho r0(value), r0(offset), 0x2(base) : set dmem 0x2 back to zero if branch not taken
0002
//=====================================================
// Test #3: BNEQ should not take branch => dmem[ 4] = 0
//=====================================================
0553      // sho r5(value), r0(offset), 0x4(base) : set dmem 0x4 to one
0004
3213      // bneq r2, r3, 8
0008
0053      // sho r0(value), r0(offset), 0x4(base) : set dmem 0x4 back to zero if branch not taken
0004
//=====================================================
// Test #4: BNEQ should take branch     => dmem[ 6] = 1
//=====================================================
0553      // sho r5(value), r0(offset), 0x6(base) : set dmem 0x6 to one
0006
2113      // bneq r1, r2, 8
0008
0053      // sho r0(value), r0(offset), 0x6(base) : set dmem 0x6 back to zero if branch not taken
0006
//=====================================================
// Test #5: BGE should not take branch  => dmem[ 8] = 0
//=====================================================
0553      // sho r5(value), r0(offset), 0x8(base) : set dmem 0x8 to one
0008
2123      // bge r1, r2, 8 (r1 >= r2)
0008
0053      // sho r0(value), r0(offset), 0x8(base) : set dmem 0x8 back to zero if branch not taken
0008
//=====================================================
// Test #6: BGE should take branch      => dmem[10] = 1
//=====================================================
0553      // sho r5(value), r0(offset), 0xA(base) : set dmem 0xA to one
000A
1323      // bge r3, r1, 8 (r3 >= r1) 
0008
0053      // sho r0(value), r0(offset), 0xA(base) : set dmem 0xA back to zero if branch not taken
000A
//=====================================================
// Test #7: BLT should not take branch  => dmem[12] = 0
//=====================================================
0553      // sho r5(value), r0(offset), 0xC(base) : set dmem 0xC to one
000C
3433      // blt r4, r3, 8 (r4 < r3)
0008
0053      // sho r0(value), r0(offset), 0xC(base) : set dmem 0xC back to zero if branch not taken
000C
//=====================================================
// Test #8: BLT should take branch      => dmem[14] = 1
//=====================================================
0553      // sho r5(value), r0(offset), 0xE(base) : set dmem 0xE to one
000E
4333      // blt r3, r4, 8 (r3 < r4) 
0008
0053      // sho r0(value), r0(offset), 0xE(base) : set dmem 0xE back to zero if branch not taken
000E
